[INFO] Scanning for projects...
[INFO] 
[INFO] ---------------------< com.venyx:tiktokshop-saas >----------------------
[INFO] Building  0.0.1-SNAPSHOT
[INFO]   from pom.xml
[INFO] --------------------------------[ jar ]---------------------------------
[INFO] 
[INFO] >>> spring-boot:4.1.0:run (default-cli) > test-compile @ tiktokshop-saas >>>
[INFO] 
[INFO] --- resources:3.5.0:resources (default-resources) @ tiktokshop-saas ---
[INFO] Copying 4 resources from src\main\resources to target\classes
[INFO] Copying 4 resources from src\main\resources to target\classes
[INFO] 
[INFO] --- compiler:3.15.0:compile (default-compile) @ tiktokshop-saas ---
[INFO] Nothing to compile - all classes are up to date.
[INFO] 
[INFO] --- resources:3.5.0:testResources (default-testResources) @ tiktokshop-saas ---
[INFO] skip non existing resourceDirectory C:\Projetos\tiktokshop-saas\backend\src\test\resources
[INFO] 
[INFO] --- compiler:3.15.0:testCompile (default-testCompile) @ tiktokshop-saas ---
[INFO] Nothing to compile - all classes are up to date.
[INFO] 
[INFO] <<< spring-boot:4.1.0:run (default-cli) < test-compile @ tiktokshop-saas <<<
[INFO] 
[INFO] 
[INFO] --- spring-boot:4.1.0:run (default-cli) @ tiktokshop-saas ---
[INFO] Attaching agents: []

  .   ____          _            __ _ _
 /\\ / ___'_ __ _ _(_)_ __  __ _ \ \ \ \
( ( )\___ | '_ | '_| | '_ \/ _` | \ \ \ \
 \\/  ___)| |_)| | | | | || (_| |  ) ) ) )
  '  |____| .__|_| |_|_| |_\__, | / / / /
 =========|_|==============|___/=/_/_/_/

 :: Spring Boot ::                (v4.1.0)

2026-06-17T10:44:01.207-03:00  INFO 10404 --- [tiktokshop-saas] [           main] c.v.t.TiktokshopSaasApplication          : Starting TiktokshopSaasApplication using Java 21.0.11 with PID 10404 (C:\Projetos\tiktokshop-saas\backend\target\classes started by gabri in C:\Projetos\tiktokshop-saas\backend)
2026-06-17T10:44:01.210-03:00  INFO 10404 --- [tiktokshop-saas] [           main] c.v.t.TiktokshopSaasApplication          : The following 1 profile is active: "dev"
2026-06-17T10:44:01.912-03:00  INFO 10404 --- [tiktokshop-saas] [           main] .s.d.r.c.RepositoryConfigurationDelegate : Bootstrapping Spring Data JPA repositories in DEFAULT mode.
2026-06-17T10:44:02.015-03:00  INFO 10404 --- [tiktokshop-saas] [           main] .s.d.r.c.RepositoryConfigurationDelegate : Finished Spring Data repository scanning in 95 ms. Found 30 JPA repository interfaces.
2026-06-17T10:44:02.644-03:00  INFO 10404 --- [tiktokshop-saas] [           main] o.s.boot.tomcat.TomcatWebServer          : Tomcat initialized with port 8080 (http)
2026-06-17T10:44:02.657-03:00  INFO 10404 --- [tiktokshop-saas] [           main] o.apache.catalina.core.StandardService   : Starting service [Tomcat]
2026-06-17T10:44:02.658-03:00  INFO 10404 --- [tiktokshop-saas] [           main] o.apache.catalina.core.StandardEngine    : Starting Servlet engine: [Apache Tomcat/11.0.22]
2026-06-17T10:44:02.713-03:00  INFO 10404 --- [tiktokshop-saas] [           main] b.w.c.s.WebApplicationContextInitializer : Root WebApplicationContext: initialization completed in 1445 ms
2026-06-17T10:44:02.993-03:00  INFO 10404 --- [tiktokshop-saas] [           main] com.zaxxer.hikari.HikariDataSource       : HikariPool-1 - Starting...
2026-06-17T10:44:03.126-03:00  INFO 10404 --- [tiktokshop-saas] [           main] com.zaxxer.hikari.pool.HikariPool        : HikariPool-1 - Added connection org.postgresql.jdbc.PgConnection@3a588b5f
2026-06-17T10:44:03.127-03:00  INFO 10404 --- [tiktokshop-saas] [           main] com.zaxxer.hikari.HikariDataSource       : HikariPool-1 - Start completed.
2026-06-17T10:44:03.147-03:00  INFO 10404 --- [tiktokshop-saas] [           main] org.flywaydb.core.FlywayExecutor         : Database: jdbc:postgresql://localhost:5435/tiktokshop (PostgreSQL 18.4)
2026-06-17T10:44:03.211-03:00  INFO 10404 --- [tiktokshop-saas] [           main] o.f.core.internal.command.DbValidate     : Successfully validated 2 migrations (execution time 00:00.024s)
2026-06-17T10:44:03.261-03:00  INFO 10404 --- [tiktokshop-saas] [           main] o.f.core.internal.command.DbMigrate      : Current version of schema "public": 2
2026-06-17T10:44:03.264-03:00  INFO 10404 --- [tiktokshop-saas] [           main] o.f.core.internal.command.DbMigrate      : Schema "public" is up to date. No migration necessary.
2026-06-17T10:44:03.362-03:00  INFO 10404 --- [tiktokshop-saas] [           main] org.hibernate.orm.jpa                    : HHH008540: Processing PersistenceUnitInfo [name: default]
2026-06-17T10:44:03.413-03:00  INFO 10404 --- [tiktokshop-saas] [           main] org.hibernate.orm.core                   : HHH000001: Hibernate ORM core version 7.4.1.Final
2026-06-17T10:44:03.832-03:00  INFO 10404 --- [tiktokshop-saas] [           main] o.s.o.j.p.SpringPersistenceUnitInfo      : No LoadTimeWeaver setup: ignoring JPA class transformer
2026-06-17T10:44:03.908-03:00  INFO 10404 --- [tiktokshop-saas] [           main] org.hibernate.orm.connections.pooling    : HHH10001005: Database info:
	Database JDBC URL [jdbc:postgresql://localhost:5435/tiktokshop]
	Database driver: PostgreSQL JDBC Driver
	Database dialect: PostgreSQLDialect
	Database version: 18.4
	Default catalog/schema: tiktokshop/public
	Autocommit mode: undefined/unknown
	Isolation level: READ_COMMITTED [default READ_COMMITTED]
	JDBC fetch size: none
	Pool: DataSourceConnectionProvider
	Minimum pool size: undefined/unknown
	Maximum pool size: undefined/unknown
2026-06-17T10:44:05.126-03:00  INFO 10404 --- [tiktokshop-saas] [           main] org.hibernate.orm.core                   : HHH000489: No JTA platform available (set 'hibernate.transaction.jta.platform' to enable JTA platform integration)
2026-06-17T10:44:05.132-03:00  INFO 10404 --- [tiktokshop-saas] [           main] j.LocalContainerEntityManagerFactoryBean : Initialized JPA EntityManagerFactory for persistence unit 'default'
2026-06-17T10:44:05.208-03:00  INFO 10404 --- [tiktokshop-saas] [           main] o.s.d.j.r.query.QueryEnhancerFactories   : Hibernate is in classpath; If applicable, HQL parser will be used.
2026-06-17T10:44:07.017-03:00  WARN 10404 --- [tiktokshop-saas] [           main] c.v.t.config.security.jwt.JwtKeyConfig   : No RSA keys configured - generating ephemeral keys (NOT RECOMMENDED FOR PRODUCTION)
2026-06-17T10:44:10.171-03:00  WARN 10404 --- [tiktokshop-saas] [           main] o.s.aop.framework.CglibAopProxy          : Public final method [public final void org.springframework.security.oauth2.client.oidc.userinfo.OidcUserService.setRetrieveUserInfo(java.util.function.Predicate)] cannot get proxied via CGLIB, consider removing the final marker or using interface-based JDK proxies.
2026-06-17T10:44:10.171-03:00  WARN 10404 --- [tiktokshop-saas] [           main] o.s.aop.framework.CglibAopProxy          : Public final method [public final void org.springframework.security.oauth2.client.oidc.userinfo.OidcUserService.setOauth2UserService(org.springframework.security.oauth2.client.userinfo.OAuth2UserService)] cannot get proxied via CGLIB, consider removing the final marker or using interface-based JDK proxies.
2026-06-17T10:44:10.172-03:00  WARN 10404 --- [tiktokshop-saas] [           main] o.s.aop.framework.CglibAopProxy          : Public final method [public final void org.springframework.security.oauth2.client.oidc.userinfo.OidcUserService.setClaimTypeConverterFactory(java.util.function.Function)] cannot get proxied via CGLIB, consider removing the final marker or using interface-based JDK proxies.
2026-06-17T10:44:10.216-03:00  INFO 10404 --- [tiktokshop-saas] [           main] c.v.t.c.s.o.OAuth2SchemaInitializer      : 🗄️ Initializing OAuth2 schema...
2026-06-17T10:44:10.224-03:00  INFO 10404 --- [tiktokshop-saas] [           main] c.v.t.c.s.o.OAuth2SchemaInitializer      : ✅ OAuth2 schema ready
2026-06-17T10:44:10.541-03:00  INFO 10404 --- [tiktokshop-saas] [           main] r$InitializeUserDetailsManagerConfigurer : Global AuthenticationManager configured with UserDetailsService bean with name authService
2026-06-17T10:44:11.828-03:00  INFO 10404 --- [tiktokshop-saas] [           main] o.s.boot.tomcat.TomcatWebServer          : Tomcat started on port 8080 (http) with context path '/'
2026-06-17T10:44:11.833-03:00  INFO 10404 --- [tiktokshop-saas] [           main] c.v.t.TiktokshopSaasApplication          : Started TiktokshopSaasApplication in 11.005 seconds (process running for 11.379)
Hibernate: 
    select
        u1_0.uuid,
        u1_0.cpf,
        u1_0.created_at,
        u1_0.deleted_at,
        u1_0.email,
        u1_0.failed_login_attempts,
        u1_0.lockout_end_time,
        u1_0.mfa_enabled,
        u1_0.mfa_secret,
        u1_0.name,
        u1_0.password,
        u1_0.phone,
        u1_0.updated_at,
        u1_0.user_status 
    from
        tb_user u1_0 
    where
        u1_0.email=?
Hibernate: 
    select
        r1_0.id,
        r1_0.authority,
        r1_0.description 
    from
        tb_role r1_0 
    where
        r1_0.authority=?
Hibernate: 
    select
        r1_0.id,
        r1_0.authority,
        r1_0.description 
    from
        tb_role r1_0 
    where
        r1_0.authority=?
2026-06-17T10:44:12.052-03:00  INFO 10404 --- [tiktokshop-saas] [           main] c.v.tiktokshop.config.DataInitializer    : ✅ Usuário de dev criado: super_admin@venyx.com (senha 123456)
Hibernate: 
    insert 
    into
        tb_user
        (cpf, created_at, deleted_at, email, failed_login_attempts, lockout_end_time, mfa_enabled, mfa_secret, name, password, phone, updated_at, user_status, uuid) 
    values
        (?, ?, ?, ?, ?, ?, ?, ?, ?, ?, ?, ?, ?, ?)
Hibernate: 
    insert 
    into
        tb_user_role
        (user_id, role_id) 
    values
        (?, ?)
Hibernate: 
    insert 
    into
        tb_user_role
        (user_id, role_id) 
    values
        (?, ?)
Hibernate: 
    select
        u1_0.uuid,
        u1_0.cpf,
        u1_0.created_at,
        u1_0.deleted_at,
        u1_0.email,
        u1_0.failed_login_attempts,
        u1_0.lockout_end_time,
        u1_0.mfa_enabled,
        u1_0.mfa_secret,
        u1_0.name,
        u1_0.password,
        u1_0.phone,
        u1_0.updated_at,
        u1_0.user_status 
    from
        tb_user u1_0 
    where
        u1_0.email=?
Hibernate: 
    select
        r1_0.id,
        r1_0.authority,
        r1_0.description 
    from
        tb_role r1_0 
    where
        r1_0.authority=?
2026-06-17T10:44:12.147-03:00  INFO 10404 --- [tiktokshop-saas] [           main] c.v.tiktokshop.config.DataInitializer    : ✅ Usuário de dev criado: admin@venyx.com (senha 123456)
Hibernate: 
    insert 
    into
        tb_user
        (cpf, created_at, deleted_at, email, failed_login_attempts, lockout_end_time, mfa_enabled, mfa_secret, name, password, phone, updated_at, user_status, uuid) 
    values
        (?, ?, ?, ?, ?, ?, ?, ?, ?, ?, ?, ?, ?, ?)
Hibernate: 
    insert 
    into
        tb_user_role
        (user_id, role_id) 
    values
        (?, ?)
Hibernate: 
    select
        u1_0.uuid,
        u1_0.cpf,
        u1_0.created_at,
        u1_0.deleted_at,
        u1_0.email,
        u1_0.failed_login_attempts,
        u1_0.lockout_end_time,
        u1_0.mfa_enabled,
        u1_0.mfa_secret,
        u1_0.name,
        u1_0.password,
        u1_0.phone,
        u1_0.updated_at,
        u1_0.user_status 
    from
        tb_user u1_0 
    where
        u1_0.email=?
Hibernate: 
    select
        r1_0.id,
        r1_0.authority,
        r1_0.description 
    from
        tb_role r1_0 
    where
        r1_0.authority=?
Hibernate: 
    insert 
    into
        tb_user
        (cpf, created_at, deleted_at, email, failed_login_attempts, lockout_end_time, mfa_enabled, mfa_secret, name, password, phone, updated_at, user_status, uuid) 
    values
        (?, ?, ?, ?, ?, ?, ?, ?, ?, ?, ?, ?, ?, ?)
Hibernate: 
    insert 
    into
        credit_wallets
        (balance, updated_at, user_id) 
    values
        (?, ?, ?)
2026-06-17T10:44:12.242-03:00  INFO 10404 --- [tiktokshop-saas] [           main] c.v.tiktokshop.config.DataInitializer    : ✅ Usuário de dev criado: client@venyx.com (senha 123456)
Hibernate: 
    insert 
    into
        tb_user_role
        (user_id, role_id) 
    values
        (?, ?)
2026-06-17T10:44:12.249-03:00  INFO 10404 --- [tiktokshop-saas] [           main] c.v.t.c.s.v.SecurityPropertiesValidator  : Validating security configuration...
2026-06-17T10:44:12.249-03:00 ERROR 10404 --- [tiktokshop-saas] [           main] c.v.t.c.s.v.SecurityPropertiesValidator  : 
╔══════════════════════════════════════════════════════════════════╗
║                    SECURITY CONFIGURATION ERROR                   ║
╠══════════════════════════════════════════════════════════════════╣
║  Critical security properties are missing or misconfigured.       ║
║  The application will continue but is NOT SECURE for production.  ║
╚══════════════════════════════════════════════════════════════════╝

Issues found:
 mfa.encryption.salt: Not configured or using dangerous default

To fix, set these environment variables:
  - CLIENT_ID: OAuth2 client identifier
  - CLIENT_SECRET: OAuth2 client secret (min 32 chars)
  - MFA_ENCRYPTION_PASSWORD: Password for MFA secret encryption (min 16 chars)
  - MFA_ENCRYPTION_SALT: 16-character hex salt for encryption

For production, also set:
  - JWT_PRIVATE_KEY: Base64-encoded RSA private key
  - JWT_PUBLIC_KEY: Base64-encoded RSA public key

2026-06-17T10:44:12.249-03:00  WARN 10404 --- [tiktokshop-saas] [           main] c.v.t.c.s.v.SecurityPropertiesValidator  : Dev profile - continuing despite security warnings
2026-06-17T10:44:34.340-03:00  INFO 10404 --- [tiktokshop-saas] [nio-8080-exec-1] o.a.c.c.C.[Tomcat].[localhost].[/]       : Initializing Spring DispatcherServlet 'dispatcherServlet'
2026-06-17T10:44:34.340-03:00  INFO 10404 --- [tiktokshop-saas] [nio-8080-exec-1] o.s.web.servlet.DispatcherServlet        : Initializing Servlet 'dispatcherServlet'
2026-06-17T10:44:34.342-03:00  INFO 10404 --- [tiktokshop-saas] [nio-8080-exec-1] o.s.web.servlet.DispatcherServlet        : Completed initialization in 2 ms
Hibernate: 
    select
        u1_0.uuid,
        u1_0.cpf,
        u1_0.created_at,
        u1_0.deleted_at,
        u1_0.email,
        u1_0.failed_login_attempts,
        u1_0.lockout_end_time,
        u1_0.mfa_enabled,
        u1_0.mfa_secret,
        u1_0.name,
        u1_0.password,
        u1_0.phone,
        r1_0.user_id,
        r1_1.id,
        r1_1.authority,
        r1_1.description,
        u1_0.updated_at,
        u1_0.user_status 
    from
        tb_user u1_0 
    left join
        tb_user_role r1_0 
            on u1_0.uuid=r1_0.user_id 
    left join
        tb_role r1_1 
            on r1_1.id=r1_0.role_id 
    where
        u1_0.email=?
Hibernate: 
    select
        cw1_0.id,
        cw1_0.balance,
        cw1_0.updated_at,
        cw1_0.user_id 
    from
        credit_wallets cw1_0 
    where
        cw1_0.user_id=?
Hibernate: 
    select
        u1_0.uuid,
        u1_0.cpf,
        u1_0.created_at,
        u1_0.deleted_at,
        u1_0.email,
        u1_0.failed_login_attempts,
        u1_0.lockout_end_time,
        u1_0.mfa_enabled,
        u1_0.mfa_secret,
        u1_0.name,
        u1_0.password,
        u1_0.phone,
        u1_0.updated_at,
        u1_0.user_status 
    from
        tb_user u1_0 
    where
        u1_0.email=?
Hibernate: 
    select
        cw1_0.id,
        cw1_0.balance,
        cw1_0.updated_at,
        cw1_0.user_id 
    from
        credit_wallets cw1_0 
    where
        cw1_0.user_id=?
Hibernate: 
    select
        u1_0.uuid,
        u1_0.cpf,
        u1_0.created_at,
        u1_0.deleted_at,
        u1_0.email,
        u1_0.failed_login_attempts,
        u1_0.lockout_end_time,
        u1_0.mfa_enabled,
        u1_0.mfa_secret,
        u1_0.name,
        u1_0.password,
        u1_0.phone,
        u1_0.updated_at,
        u1_0.user_status 
    from
        tb_user u1_0 
    where
        u1_0.email=?
Hibernate: 
    select
        cw1_0.id,
        cw1_0.balance,
        cw1_0.updated_at,
        cw1_0.user_id 
    from
        credit_wallets cw1_0 
    where
        cw1_0.user_id=?
Hibernate: 
    select
        u1_0.uuid,
        u1_0.cpf,
        u1_0.created_at,
        u1_0.deleted_at,
        u1_0.email,
        u1_0.failed_login_attempts,
        u1_0.lockout_end_time,
        u1_0.mfa_enabled,
        u1_0.mfa_secret,
        u1_0.name,
        u1_0.password,
        u1_0.phone,
        r1_0.user_id,
        r1_1.id,
        r1_1.authority,
        r1_1.description,
        u1_0.updated_at,
        u1_0.user_status 
    from
        tb_user u1_0 
    left join
        tb_user_role r1_0 
            on u1_0.uuid=r1_0.user_id 
    left join
        tb_role r1_1 
            on r1_1.id=r1_0.role_id 
    where
        u1_0.email=?
Hibernate: 
    select
        cw1_0.id,
        cw1_0.balance,
        cw1_0.updated_at,
        cw1_0.user_id 
    from
        credit_wallets cw1_0 
    where
        cw1_0.user_id=?
Hibernate: 
    select
        u1_0.uuid,
        u1_0.cpf,
        u1_0.created_at,
        u1_0.deleted_at,
        u1_0.email,
        u1_0.failed_login_attempts,
        u1_0.lockout_end_time,
        u1_0.mfa_enabled,
        u1_0.mfa_secret,
        u1_0.name,
        u1_0.password,
        u1_0.phone,
        r1_0.user_id,
        r1_1.id,
        r1_1.authority,
        r1_1.description,
        u1_0.updated_at,
        u1_0.user_status 
    from
        tb_user u1_0 
    left join
        tb_user_role r1_0 
            on u1_0.uuid=r1_0.user_id 
    left join
        tb_role r1_1 
            on r1_1.id=r1_0.role_id 
    where
        u1_0.email=?
Hibernate: 
    select
        cw1_0.id,
        cw1_0.balance,
        cw1_0.updated_at,
        cw1_0.user_id 
    from
        credit_wallets cw1_0 
    where
        cw1_0.user_id=?
Hibernate: 
    select
        u1_0.uuid,
        u1_0.cpf,
        u1_0.created_at,
        u1_0.deleted_at,
        u1_0.email,
        u1_0.failed_login_attempts,
        u1_0.lockout_end_time,
        u1_0.mfa_enabled,
        u1_0.mfa_secret,
        u1_0.name,
        u1_0.password,
        u1_0.phone,
        u1_0.updated_at,
        u1_0.user_status 
    from
        tb_user u1_0 
    where
        u1_0.email=?
Hibernate: 
    select
        cw1_0.id,
        cw1_0.balance,
        cw1_0.updated_at,
        cw1_0.user_id 
    from
        credit_wallets cw1_0 
    where
        cw1_0.user_id=?
Hibernate: 
    select
        u1_0.uuid,
        u1_0.cpf,
        u1_0.created_at,
        u1_0.deleted_at,
        u1_0.email,
        u1_0.failed_login_attempts,
        u1_0.lockout_end_time,
        u1_0.mfa_enabled,
        u1_0.mfa_secret,
        u1_0.name,
        u1_0.password,
        u1_0.phone,
        u1_0.updated_at,
        u1_0.user_status 
    from
        tb_user u1_0 
    where
        u1_0.email=?
Hibernate: 
    select
        cw1_0.id,
        cw1_0.balance,
        cw1_0.updated_at,
        cw1_0.user_id 
    from
        credit_wallets cw1_0 
    where
        cw1_0.user_id=?
Hibernate: 
    select
        u1_0.uuid,
        u1_0.cpf,
        u1_0.created_at,
        u1_0.deleted_at,
        u1_0.email,
        u1_0.failed_login_attempts,
        u1_0.lockout_end_time,
        u1_0.mfa_enabled,
        u1_0.mfa_secret,
        u1_0.name,
        u1_0.password,
        u1_0.phone,
        r1_0.user_id,
        r1_1.id,
        r1_1.authority,
        r1_1.description,
        u1_0.updated_at,
        u1_0.user_status 
    from
        tb_user u1_0 
    left join
        tb_user_role r1_0 
            on u1_0.uuid=r1_0.user_id 
    left join
        tb_role r1_1 
            on r1_1.id=r1_0.role_id 
    where
        u1_0.email=?
Hibernate: 
    select
        cw1_0.id,
        cw1_0.balance,
        cw1_0.updated_at,
        cw1_0.user_id 
    from
        credit_wallets cw1_0 
    where
        cw1_0.user_id=?
Hibernate: 
    select
        u1_0.uuid,
        u1_0.cpf,
        u1_0.created_at,
        u1_0.deleted_at,
        u1_0.email,
        u1_0.failed_login_attempts,
        u1_0.lockout_end_time,
        u1_0.mfa_enabled,
        u1_0.mfa_secret,
        u1_0.name,
        u1_0.password,
        u1_0.phone,
        r1_0.user_id,
        r1_1.id,
        r1_1.authority,
        r1_1.description,
        u1_0.updated_at,
        u1_0.user_status 
    from
        tb_user u1_0 
    left join
        tb_user_role r1_0 
            on u1_0.uuid=r1_0.user_id 
    left join
        tb_role r1_1 
            on r1_1.id=r1_0.role_id 
    where
        u1_0.email=?
Hibernate: 
    select
        cw1_0.id,
        cw1_0.balance,
        cw1_0.updated_at,
        cw1_0.user_id 
    from
        credit_wallets cw1_0 
    where
        cw1_0.user_id=?
Hibernate: 
    select
        u1_0.uuid,
        u1_0.cpf,
        u1_0.created_at,
        u1_0.deleted_at,
        u1_0.email,
        u1_0.failed_login_attempts,
        u1_0.lockout_end_time,
        u1_0.mfa_enabled,
        u1_0.mfa_secret,
        u1_0.name,
        u1_0.password,
        u1_0.phone,
        u1_0.updated_at,
        u1_0.user_status 
    from
        tb_user u1_0 
    where
        u1_0.email=?
Hibernate: 
    select
        cw1_0.id,
        cw1_0.balance,
        cw1_0.updated_at,
        cw1_0.user_id 
    from
        credit_wallets cw1_0 
    where
        cw1_0.user_id=?
Hibernate: 
    select
        u1_0.uuid,
        u1_0.cpf,
        u1_0.created_at,
        u1_0.deleted_at,
        u1_0.email,
        u1_0.failed_login_attempts,
        u1_0.lockout_end_time,
        u1_0.mfa_enabled,
        u1_0.mfa_secret,
        u1_0.name,
        u1_0.password,
        u1_0.phone,
        u1_0.updated_at,
        u1_0.user_status 
    from
        tb_user u1_0 
    where
        u1_0.email=?
Hibernate: 
    select
        cw1_0.id,
        cw1_0.balance,
        cw1_0.updated_at,
        cw1_0.user_id 
    from
        credit_wallets cw1_0 
    where
        cw1_0.user_id=?
Hibernate: 
    select
        u1_0.uuid,
        u1_0.cpf,
        u1_0.created_at,
        u1_0.deleted_at,
        u1_0.email,
        u1_0.failed_login_attempts,
        u1_0.lockout_end_time,
        u1_0.mfa_enabled,
        u1_0.mfa_secret,
        u1_0.name,
        u1_0.password,
        u1_0.phone,
        r1_0.user_id,
        r1_1.id,
        r1_1.authority,
        r1_1.description,
        u1_0.updated_at,
        u1_0.user_status 
    from
        tb_user u1_0 
    left join
        tb_user_role r1_0 
            on u1_0.uuid=r1_0.user_id 
    left join
        tb_role r1_1 
            on r1_1.id=r1_0.role_id 
    where
        u1_0.email=?
Hibernate: 
    select
        cw1_0.id,
        cw1_0.balance,
        cw1_0.updated_at,
        cw1_0.user_id 
    from
        credit_wallets cw1_0 
    where
        cw1_0.user_id=?
[INFO] ------------------------------------------------------------------------
[INFO] BUILD FAILURE
[INFO] ------------------------------------------------------------------------
[INFO] Total time:  50.840 s
[INFO] Finished at: 2026-06-17T10:44:49-03:00
[INFO] ------------------------------------------------------------------------
[ERROR] Failed to execute goal org.springframework.boot:spring-boot-maven-plugin:4.1.0:run (default-cli) on project tiktokshop-saas: Process terminated with exit code: 1 -> [Help 1]
[ERROR] 
[ERROR] To see the full stack trace of the errors, re-run Maven with the -e switch.
[ERROR] Re-run Maven using the -X switch to enable full debug logging.
[ERROR] 
[ERROR] For more information about the errors and possible solutions, please read the following articles:
[ERROR] [Help 1] http://cwiki.apache.org/confluence/display/MAVEN/MojoExecutionException
